serial 1 #184 architect 255.4s 3 notes
serial 1 #184 ux_designer 194.8s 4 notes
serial 1 #184 qa_engineer 246.5s 3 notes
serial 1 #184 devops_engineer 148.8s 4 notes
serial 1 #185 architect 163.5s 2 notes
serial 1 #185 ux_designer 110.4s 3 notes
serial 1 #185 qa_engineer 144.6s 4 notes
serial 1 #185 devops_engineer 162.9s 3 notes
serial 1 #187 architect 144.2s 1 notes
serial 1 #187 ux_designer 113.8s 3 notes
serial 1 #187 qa_engineer 128.5s 1 notes
serial 1 #187 devops_engineer 219.8s 2 notes
--- restart 2026-10-02T02:50:51Z (the 02:50 start was stopped mid-call: run numbers collided)
serial 2 #184 architect 412.0s 2 notes
serial 2 #184 ux_designer 235.1s 3 notes
serial 2 #184 qa_engineer 166.3s 3 notes
serial 2 #184 devops_engineer 193.1s 3 notes
serial 2 #185 architect 205.3s 2 notes
serial 2 #185 ux_designer 175.5s 3 notes
serial 2 #185 qa_engineer 237.0s 3 notes
serial 2 #185 devops_engineer 192.6s 2 notes
serial 2 #187 architect 333.9s 2 notes
serial 2 #187 ux_designer 172.7s 3 notes
serial 2 #187 qa_engineer 191.6s 4 notes
serial 2 #187 devops_engineer 161.1s 3 notes
serial 3 #184 architect 219.8s 3 notes
serial 3 #184 ux_designer 250.2s 3 notes
serial 3 #184 qa_engineer 361.7s nothing to add
serial 3 #184 devops_engineer 197.5s 3 notes
serial 3 #185 architect 214.7s 3 notes
serial 3 #185 ux_designer 161.2s 2 notes
serial 3 #185 qa_engineer 231.0s 2 notes
serial 3 #185 devops_engineer 202.4s 2 notes
serial 3 #187 architect 169.8s 3 notes
serial 3 #187 ux_designer 173.7s 4 notes
serial 3 #187 qa_engineer 125.5s 3 notes
serial 3 #187 devops_engineer 196.9s 1 notes
serial-nodecisions 1 #184 architect 234.5s 3 notes
serial-nodecisions 1 #184 ux_designer 265.9s 3 notes
serial-nodecisions 1 #184 qa_engineer 225.9s 3 notes
serial-nodecisions 1 #184 devops_engineer 165.1s 2 notes
serial-nodecisions 1 #185 architect 118.9s 3 notes
serial-nodecisions 1 #185 ux_designer 129.8s 3 notes
serial-nodecisions 1 #185 qa_engineer 144.9s 3 notes
serial-nodecisions 1 #185 devops_engineer 139.7s 1 notes
serial-nodecisions 1 #187 architect 289.9s 1 notes
serial-nodecisions 1 #187 ux_designer 108.1s 2 notes
serial-nodecisions 1 #187 qa_engineer 147.4s 2 notes
serial-nodecisions 1 #187 devops_engineer 175.9s 1 notes
serial-nodecisions 2 #184 architect 185.5s 3 notes
serial-nodecisions 2 #184 ux_designer 235.8s 3 notes
serial-nodecisions 2 #184 qa_engineer 334.4s 3 notes
serial-nodecisions 2 #184 devops_engineer 162.6s 3 notes
serial-nodecisions 2 #185 architect 191.1s 3 notes
serial-nodecisions 2 #185 ux_designer 215.7s 2 notes
serial-nodecisions 2 #185 qa_engineer 153.6s 3 notes
serial-nodecisions 2 #185 devops_engineer 106.4s nothing to add
serial-nodecisions 2 #187 architect 98.5s 1 notes
serial-nodecisions 2 #187 ux_designer 118.1s 2 notes
serial-nodecisions 2 #187 qa_engineer 244.1s 4 notes
serial-nodecisions 2 #187 devops_engineer 136.9s 1 notes
serial-nodecisions 3 #184 architect 237.4s 4 notes
serial-nodecisions 3 #184 ux_designer 174.4s 5 notes
serial-nodecisions 3 #184 qa_engineer 232.5s 3 notes
serial-nodecisions 3 #184 devops_engineer 176.3s nothing to add
serial-nodecisions 3 #185 architect 281.8s 2 notes
serial-nodecisions 3 #185 ux_designer 141.3s 2 notes
serial-nodecisions 3 #185 qa_engineer 218.6s 2 notes
serial-nodecisions 3 #185 devops_engineer 154.9s 1 notes
serial-nodecisions 3 #187 architect 270.7s 2 notes
serial-nodecisions 3 #187 ux_designer 209.3s 2 notes
serial-nodecisions 3 #187 qa_engineer 147.6s 3 notes
serial-nodecisions 3 #187 devops_engineer 194.7s 1 notes
parallel 1 #184 architect 209.6s 3 notes
parallel 1 #184 ux_designer 252.5s 2 notes
parallel 1 #184 qa_engineer 369.7s 4 notes
parallel 1 #184 devops_engineer 337.0s 3 notes
parallel 1 #185 architect 349.2s 3 notes
parallel 1 #185 ux_designer 409.0s nothing to add
parallel 1 #185 qa_engineer 376.5s 2 notes
parallel 1 #185 devops_engineer 261.1s 1 notes
parallel 1 #187 architect 163.2s 1 notes
parallel 1 #187 ux_designer 200.1s 3 notes
parallel 1 #187 qa_engineer 188.9s 3 notes
parallel 1 #187 devops_engineer 190.2s 2 notes
parallel 2 #184 architect 323.1s 2 notes
parallel 2 #184 ux_designer 279.7s 4 notes
parallel 2 #184 qa_engineer 237.4s 2 notes
parallel 2 #184 devops_engineer 199.8s 2 notes
parallel 2 #185 architect 349.7s 2 notes
parallel 2 #185 ux_designer 252.3s 3 notes
parallel 2 #185 qa_engineer 320.1s 3 notes
parallel 2 #185 devops_engineer 308.1s 1 notes
parallel 2 #187 architect 256.8s 3 notes
parallel 2 #187 ux_designer 209.7s 3 notes
parallel 2 #187 qa_engineer 266.9s 3 notes
parallel 2 #187 devops_engineer 164.0s 2 notes
parallel 3 #184 architect 274.5s 4 notes
parallel 3 #184 ux_designer 272.9s 3 notes
parallel 3 #184 qa_engineer 313.2s 5 notes
parallel 3 #184 devops_engineer 212.4s 2 notes
parallel 3 #185 architect 203.1s 3 notes
parallel 3 #185 ux_designer 259.5s 3 notes
parallel 3 #185 qa_engineer 152.8s 4 notes
parallel 3 #185 devops_engineer 204.6s 1 notes
parallel 3 #187 architect 249.8s 3 notes
parallel 3 #187 ux_designer 173.0s 3 notes
parallel 3 #187 qa_engineer 156.4s 2 notes
parallel 3 #187 devops_engineer 121.3s 2 notes
PANEL-DONE 0
